// Jest Snapshot v1, https://goo.gl/fbAQLP

exports[`Should render Footer correctly 1`] = `
<footer
  className="footer"
>
  <div
    className="container"
  >
    <small
      className="copyright"
    >
      Basic CRM by Marlon Roxas
    </small>
  </div>
</footer>
`;
