// Jest Snapshot v1, https://goo.gl/fbAQLP

exports[`Should render Pagination correctly 1`] = `
<ul
  className="pagination"
/>
`;
